// Jest Snapshot v1, https://goo.gl/fbAQLP

exports[`Header renders correctly 1`] = `
<header
  className="govuk-header "
  data-module="header"
  role="banner"
>
  <div
    className="govuk-header__container govuk-width-container"
  >
    <div
      className="govuk-header__logo"
      style={
        Object {
          "width": "60%",
        }
      }
    >
      <a
        className="govuk-header__link govuk-header__link--homepage"
        href="/"
      >
        <span
          className="govuk-header__product-name"
        >
          Central Operations Platform
        </span>
      </a>
      <strong
        className="govuk-tag govuk-phase-banner__content__tag"
      >
        beta
      </strong>
    </div>
    <div
      className="govuk-header__content"
      style={
        Object {
          "width": "40%",
        }
      }
    >
      <button
        aria-controls="navigation"
        aria-label="Show or hide Top Level Navigation"
        className="govuk-header__menu-button js-header-toggle"
        type="button"
      >
        Menu
      </button>
      <nav>
        <ul
          aria-label="Top Level Navigation"
          className="govuk-header__navigation govuk-header__navigation--end"
          id="navigation"
        >
          <li
            className="govuk-header__navigation-item"
          >
            <div
              className=""
            >
              <a
                className="govuk-header__link header-nav-items"
                href="/about/cop"
              >
                About
              </a>
            </div>
          </li>
          <li
            className="govuk-header__navigation-item"
          >
            <div
              className=""
            >
              <a
                className="govuk-header__link header-nav-items"
                href="https://training.cop.homeoffice.gov.uk/"
              >
                Documentation
              </a>
            </div>
          </li>
          <li
            className="govuk-header__navigation-item"
          >
            <div
              className=""
            >
              <a
                className="govuk-header__link header-nav-items"
                href="https://www.cop.homeoffice.gov.uk/"
              >
                Sign-in
              </a>
            </div>
          </li>
        </ul>
      </nav>
    </div>
  </div>
</header>
`;
