// Jest Snapshot v1, https://goo.gl/fbAQLP

exports[`MinimalStandardLimitsTable renders correctly in content 1`] = `
<div>
  <div
    className="govuk-grid-row displayFlexOnDesktop"
  >
    <div
      className="govuk-grid-column-one-third minimalStandardsTable"
      style={
        Object {
          "backgroundColor": "#00703c",
          "margin": "1px",
        }
      }
    >
      <div
        className="govuk-body"
        dangerouslySetInnerHTML={
          Object {
            "__html": "Cyclamen",
          }
        }
        style={
          Object {
            "color": "white",
            "marginBottom": "auto",
            "marginTop": "auto",
            "padding": "10px",
            "textAlign": "left",
          }
        }
      />
    </div>
    <div
      className="govuk-grid-column-one-third minimalStandardsTable"
      style={
        Object {
          "backgroundColor": "rgba(0, 112, 60, 0.2)",
          "margin": "1px",
        }
      }
    >
      <div
        className="govuk-body"
        dangerouslySetInnerHTML={
          Object {
            "__html": "&nbsp; &nbsp; &nbsp; &nbsp; &nbsp; &nbsp;&nbsp; &nbsp; &nbsp; &nbsp; &nbsp; &nbsp; &nbsp;&nbsp; &nbsp; &nbsp; &nbsp; &nbsp; &nbsp; &nbsp; &nbsp; &nbsp; &nbsp; &nbsp; &nbsp; &nbsp; &nbsp; &nbsp; &nbsp; &nbsp; &nbsp; &nbsp; &nbsp; &nbsp; &nbsp; &nbsp; &nbsp; &nbsp; &nbsp; &nbsp; &nbsp; &nbsp; &nbsp; &nbsp; &nbsp; &nbsp; &nbsp; &nbsp; &nbsp; &nbsp; &nbsp; &nbsp; &nbsp; &nbsp; &nbsp; &nbsp; &nbsp; &nbsp; &nbsp; &nbsp; &nbsp; &nbsp; &nbsp; &nbsp;",
          }
        }
        style={
          Object {
            "marginBottom": "auto",
            "marginTop": "auto",
            "padding": "10px",
            "textAlign": "left",
          }
        }
      />
    </div>
    <div
      className="govuk-grid-column-one-third "
      style={
        Object {
          "backgroundColor": "rgba(0, 112, 60, 0.2)",
          "margin": "1px",
        }
      }
    >
      <div
        className="govuk-body"
        dangerouslySetInnerHTML={
          Object {
            "__html": "&nbsp; &nbsp",
          }
        }
        style={
          Object {
            "marginBottom": "auto",
            "marginTop": "auto",
            "padding": "10px",
            "textAlign": "left",
          }
        }
      />
    </div>
  </div>
  <div
    style={
      Object {
        "marginTop": "20px",
      }
    }
  />
</div>
`;
