// Jest Snapshot v1, https://goo.gl/fbAQLP

exports[`Header renders correctly 1`] = `
<div
  className="govuk-panel"
>
  <div
    className="govuk-width-container"
    style={
      Object {
        "marginTop": "30px",
        "textAlign": "left",
      }
    }
  >
    <div
      className="govuk-grid-row"
    >
      <div
        className="govuk-grid-column-two-thirds"
      >
        <h1
          className="govuk-heading-xl panel-heading"
          style={
            Object {
              "color": "white",
              "marginBottom": "20px",
            }
          }
        />
        <div
          className="banner-image-mobile"
        >
          <div
            style={
              Object {
                "margin": "0 auto",
                "maxWidth": "180px",
              }
            }
          >
            <img
              style={
                Object {
                  "maxWidth": "100%",
                }
              }
            />
          </div>
        </div>
        <p
          className="govuk-body govuk-!-font-size-24"
          style={
            Object {
              "color": "white",
            }
          }
        />
        <div
          className="button-container "
          style={
            Object {
              "marginBottom": "20px",
            }
          }
        >
          <a
            className="govuk-button product-page-button button-container__button govuk-!-margin-right-3"
            draggable="false"
            href="https://www.cop.homeoffice.gov.uk/"
            role="button"
            style={
              Object {
                "marginBottom": "0px",
              }
            }
            target="_blank"
          >
            <div
              style={
                Object {
                  "paddingLeft": "20px",
                }
              }
            >
              Sign-in 
              <i
                className="sign-in-arrow"
              />
            </div>
          </a>
          or  
          <a
            className="govuk-link govuk-!-font-weight-bold"
            href="/about/"
            style={
              Object {
                "color": "white",
              }
            }
          >
            find out more about COP
          </a>
        </div>
      </div>
      <div
        className="govuk-grid-column-one-third"
      >
        <div
          className="banner-image"
        >
          <img
            style={
              Object {
                "maxWidth": "100%",
              }
            }
          />
        </div>
      </div>
    </div>
  </div>
</div>
`;
