// Jest Snapshot v1, https://goo.gl/fbAQLP

exports[`stat-content renders correctly 1`] = `
<div>
  <h3
    className="govuk-heading-m"
    id="title"
  >
    Used and trusted by Border Force teams
  </h3>
  <div
    style={
      Object {
        "marginTop": "50px",
      }
    }
  />
  <div
    className="govuk-grid-row"
  >
    <div
      className="govuk-grid-column-one-third"
    >
      <h1
        className="govuk-heading-xl"
      >
        6,6525
      </h1>
      <p
        className="govuk-body"
        id="valueText0"
        style={
          Object {
            "maxWidth": "75%",
          }
        }
      >
        Border Force users
      </p>
    </div>
    <div
      className="govuk-grid-column-one-third"
    >
      <h1
        className="govuk-heading-xl"
      >
        7,55500+
      </h1>
      <p
        className="govuk-body"
        id="valueText1"
        style={
          Object {
            "maxWidth": "75%",
          }
        }
      >
        forms and reports submitted per month
      </p>
    </div>
    <div
      className="govuk-grid-column-one-third"
    >
      <h1
        className="govuk-heading-xl"
      >
        33300+
      </h1>
      <p
        className="govuk-body"
        id="valueText2"
        style={
          Object {
            "maxWidth": "75%",
          }
        }
      >
        COP visits per day
      </p>
    </div>
  </div>
</div>
`;
