// Jest Snapshot v1, https://goo.gl/fbAQLP

exports[`Header Render correctly 1`] = `
<div
  className="govuk-panel"
  id="sub-panel"
  style={
    Object {
      "background": "#bbd4fe",
      "margin": "0 auto",
      "paddingTop": "10px",
      "textAlign": "left",
    }
  }
>
  <div
    className="govuk-width-container"
  >
    <a
      className="boxclose govuk-link"
      id="boxclose"
      onClick={[Function]}
    />
    <div
      className="govuk-grid-row"
    >
      <div
        className="govuk-grid-column-two-thirds"
      >
        <div
          className="govuk-body"
          dangerouslySetInnerHTML={
            Object {
              "__html": undefined,
            }
          }
          style={
            Object {
              "lineHeight": "1.4",
              "marginBottom": "0px",
            }
          }
        />
      </div>
    </div>
  </div>
</div>
`;

exports[`Header button onclick render correctly 1`] = `
<div
  className="govuk-panel"
  id="sub-panel"
  style={
    Object {
      "background": "#bbd4fe",
      "margin": "0 auto",
      "paddingTop": "10px",
      "textAlign": "left",
    }
  }
>
  <div
    className="govuk-width-container"
  >
    <a
      className="boxclose govuk-link"
      id="boxclose"
      onClick={[Function]}
    />
    <div
      className="govuk-grid-row"
    >
      <div
        className="govuk-grid-column-two-thirds"
      >
        <div
          className="govuk-body"
          dangerouslySetInnerHTML={
            Object {
              "__html": undefined,
            }
          }
          style={
            Object {
              "lineHeight": "1.4",
              "marginBottom": "0px",
            }
          }
        />
      </div>
    </div>
  </div>
</div>
`;
