// Jest Snapshot v1, https://goo.gl/fbAQLP

exports[`SubNavigationHelp renders correctly 1`] = `
<div
  className="sub-navigation-custom-help"
>
  <nav>
    <ol>
      <div>
         
        <li
          className="sub-navigation__item"
        >
          <a
            href="/help/"
            style={
              Object {
                "color": "black",
              }
            }
          >
            <span>
              Get started
            </span>
          </a>
        </li>
         
      </div>
      <div>
        <li
          className="sub-navigation__item"
        >
          <a
            className="govuk-link subnav"
            href="/help/oar/"
            style={
              Object {
                "color": "black",
              }
            }
          >
            <span>
              Operational Activity Reporting (OAR)
            </span>
          </a>
        </li>
      </div>
      <div>
        <li
          className="sub-navigation__item"
        >
          <a
            className="govuk-link subnav"
            href="/help/mandec/"
            style={
              Object {
                "color": "black",
              }
            }
          >
            <span>
              Mandatory Declarations
            </span>
          </a>
        </li>
      </div>
      <div>
        <li
          className="sub-navigation__item"
        >
          <a
            className="govuk-link subnav"
            href="/help/uof/"
            style={
              Object {
                "color": "black",
              }
            }
          >
            <span>
              Use of Force
            </span>
          </a>
        </li>
      </div>
      <div>
        <li
          className="sub-navigation__item"
        >
          <a
            className="govuk-link subnav"
            href="/help/eab/"
            style={
              Object {
                "color": "black",
              }
            }
          >
            <span>
              Events at the Border
            </span>
          </a>
        </li>
      </div>
      <div>
        <li
          className="sub-navigation__item"
        >
          <a
            className="govuk-link subnav"
            href="/help/ir/"
            style={
              Object {
                "color": "black",
              }
            }
          >
            <span>
              Intelligence Referral
            </span>
          </a>
        </li>
      </div>
      <div>
        <li
          className="sub-navigation__item"
        >
          <a
            className="govuk-link subnav"
            href="/help/iw/"
            style={
              Object {
                "color": "black",
              }
            }
          >
            <span>
              Intelligence Workflow
            </span>
          </a>
        </li>
      </div>
      <div>
        <li
          className="sub-navigation__item"
        >
          <a
            className="govuk-link subnav"
            href="/help/accessing-cop-on-mobile/"
            style={
              Object {
                "color": "black",
              }
            }
          >
            <span>
              Accessing COP on mobile devices
            </span>
          </a>
        </li>
      </div>
      <div>
        <li
          className="sub-navigation__item"
        >
          <a
            className="govuk-link subnav"
            href="/help/using-cop-reports/"
            style={
              Object {
                "color": "black",
              }
            }
          >
            <span>
              Using COP Reports
            </span>
          </a>
        </li>
      </div>
      <div>
        <li
          className="sub-navigation__item"
        >
          <a
            className="govuk-link subnav"
            href="/help/debriefing/"
            style={
              Object {
                "color": "black",
              }
            }
          >
            <span>
              Hot Debrief
            </span>
          </a>
        </li>
      </div>
      <div>
        <li
          className="sub-navigation__item"
        >
          <a
            className="govuk-link subnav"
            href="/help/accessing-cop-on-pc/"
            style={
              Object {
                "color": "black",
              }
            }
          >
            <span>
              Accessing COP on a PC
            </span>
          </a>
        </li>
      </div>
      <div>
         
        <li
          className="sub-navigation__item"
        >
          <a
            href="/help/contact/"
            style={
              Object {
                "color": "black",
              }
            }
          >
            <span>
              Contact
            </span>
          </a>
        </li>
         
      </div>
    </ol>
  </nav>
</div>
`;
